[15:44:32] [ServerMain/INFO]: [bootstrap] Running Java 21 (OpenJDK 64-Bit Server VM 21.0.8+9; Arch Linux null) on Linux 6.16.7-2-cachyos (amd64)
[15:44:32] [ServerMain/INFO]: [bootstrap] Loading Paper 1.21-130-master@b1b5d4c (2024-08-10T10:02:42Z) for Minecraft 1.21
[15:44:33] [ServerMain/INFO]: [PluginInitializerManager] Initializing plugins...
[15:44:33] [Paper Plugin Remapper Thread - 2/INFO]: [PluginRemapper] Remapping plugin '/home/cameronoremac101/IdeaProjects/MeteoritePlugin/build/libs/MeteoritePlugin-1.0-SNAPSHOT.jar'...
[15:44:34] [Paper Plugin Remapper Thread - 2/INFO]: [PluginRemapper] Done remapping plugin '/home/cameronoremac101/IdeaProjects/MeteoritePlugin/build/libs/MeteoritePlugin-1.0-SNAPSHOT.jar' in 851ms.
[15:44:34] [ServerMain/INFO]: [PluginInitializerManager] Initialized 1 plugin
[15:44:34] [ServerMain/INFO]: [PluginInitializerManager] Bukkit plugins (1):
 - MeteoritePlugin (1.0-SNAPSHOT)
[15:44:39] [ServerMain/INFO]: Environment: Environment[sessionHost=https://sessionserver.mojang.com, servicesHost=https://api.minecraftservices.com, name=PROD]
[15:44:40] [ServerMain/INFO]: Loaded 1290 recipes
[15:44:41] [ServerMain/INFO]: Loaded 1399 advancements
[15:44:41] [Server thread/INFO]: Starting minecraft server version 1.21
[15:44:41] [Server thread/INFO]: Loading properties
[15:44:41] [Server thread/INFO]: This server is running Paper version 1.21-130-master@b1b5d4c (2024-08-10T10:02:42Z) (Implementing API version 1.21-R0.1-SNAPSHOT)
[15:44:42] [Server thread/INFO]: [spark] This server bundles the spark profiler. For more information please visit https://docs.papermc.io/paper/profiling
[15:44:42] [Server thread/INFO]: Server Ping Player Sample Count: 12
[15:44:42] [Server thread/INFO]: Using 4 threads for Netty based IO
[15:44:43] [Server thread/INFO]: [ChunkTaskScheduler] Chunk system is using 1 I/O threads, 2 worker threads, and population gen parallelism of 2 threads
[15:44:43] [Server thread/INFO]: Default game type: SURVIVAL
[15:44:43] [Server thread/INFO]: Generating keypair
[15:44:43] [Server thread/INFO]: Starting Minecraft server on *:25565
[15:44:43] [Server thread/INFO]: Using epoll channel type
[15:44:43] [Server thread/INFO]: Paper: Using libdeflate (Linux x86_64) compression from Velocity.
[15:44:43] [Server thread/INFO]: Paper: Using OpenSSL 3.0.x (Linux x86_64) cipher from Velocity.
[15:44:43] [Server thread/INFO]: [MeteoritePlugin] Loading server plugin MeteoritePlugin v1.0-SNAPSHOT
[15:44:43] [Server thread/INFO]: Server permissions file permissions.yml is empty, ignoring it
[15:44:43] [Server thread/INFO]: Preparing level "world"
[15:44:43] [Server thread/INFO]: Preparing start region for dimension minecraft:overworld
[15:44:44] [Server thread/INFO]: Time elapsed: 1110 ms
[15:44:44] [Server thread/INFO]: Preparing start region for dimension minecraft:the_nether
[15:44:45] [Server thread/INFO]: Time elapsed: 191 ms
[15:44:45] [Server thread/INFO]: Preparing start region for dimension minecraft:the_end
[15:44:45] [Server thread/INFO]: Time elapsed: 81 ms
[15:44:45] [Server thread/INFO]: [MeteoritePlugin] Enabling MeteoritePlugin v1.0-SNAPSHOT
[15:44:45] [Server thread/INFO]: [spark] Starting background profiler...
[15:44:46] [Server thread/INFO]: Done preparing level "world" (2.635s)
[15:44:46] [Server thread/INFO]: Running delayed init tasks
[15:44:46] [Server thread/INFO]: Done (14.269s)! For help, type "help"
[15:44:46] [Server thread/INFO]: Timings Reset
[15:44:51] [User Authenticator #0/INFO]: UUID of player cameronoremac101 is 0557b1de-8fe2-4982-b696-e957f340500a
[15:44:53] [Server thread/INFO]: cameronoremac101 joined the game
[15:44:53] [Server thread/INFO]: cameronoremac101[/127.0.0.1:44950] logged in with entity id 42 at ([world]97.2705378032514, 135.6178730583799, 50.65573012333184)
[15:44:58] [Server thread/ERROR]: Could not pass event PlayerInteractEvent to MeteoritePlugin v1.0-SNAPSHOT
java.lang.NullPointerException: Cannot invoke "org.bukkit.inventory.meta.ItemMeta.getPersistentDataContainer()" because "mainMeta" is null
	at MeteoritePlugin-1.0-SNAPSHOT-1758113073287.jar/org.cameronoremac101.meteoritePlugin.listener.PlayerListener.onPlayerInteract(PlayerListener.java:31) ~[MeteoritePlugin-1.0-SNAPSHOT-1758113073287.jar:?]
	at com.destroystokyo.paper.event.executor.asm.generated.GeneratedEventExecutor1.execute(Unknown Source) ~[?:?]
	at org.bukkit.plugin.EventExecutor$2.execute(EventExecutor.java:77) ~[paper-api-1.21-R0.1-SNAPSHOT.jar:?]
	at co.aikar.timings.TimedEventExecutor.execute(TimedEventExecutor.java:80) ~[paper-api-1.21-R0.1-SNAPSHOT.jar:1.21-130-b1b5d4c]
	at org.bukkit.plugin.RegisteredListener.callEvent(RegisteredListener.java:70) ~[paper-api-1.21-R0.1-SNAPSHOT.jar:?]
	at io.papermc.paper.plugin.manager.PaperEventManager.callEvent(PaperEventManager.java:54) ~[paper-1.21.jar:1.21-130-b1b5d4c]
	at io.papermc.paper.plugin.manager.PaperPluginManagerImpl.callEvent(PaperPluginManagerImpl.java:131) ~[paper-1.21.jar:1.21-130-b1b5d4c]
	at org.bukkit.plugin.SimplePluginManager.callEvent(SimplePluginManager.java:628) ~[paper-api-1.21-R0.1-SNAPSHOT.jar:?]
	at org.bukkit.craftbukkit.event.CraftEventFactory.callPlayerInteractEvent(CraftEventFactory.java:602) ~[paper-1.21.jar:1.21-130-b1b5d4c]
	at org.bukkit.craftbukkit.event.CraftEventFactory.callPlayerInteractEvent(CraftEventFactory.java:558) ~[paper-1.21.jar:1.21-130-b1b5d4c]
	at org.bukkit.craftbukkit.event.CraftEventFactory.callPlayerInteractEvent(CraftEventFactory.java:553) ~[paper-1.21.jar:1.21-130-b1b5d4c]
	at org.bukkit.craftbukkit.event.CraftEventFactory.callPlayerInteractEvent(CraftEventFactory.java:549) ~[paper-1.21.jar:1.21-130-b1b5d4c]
	at net.minecraft.server.network.ServerGamePacketListenerImpl.handleAnimate(ServerGamePacketListenerImpl.java:2513) ~[paper-1.21.jar:1.21-130-b1b5d4c]
	at net.minecraft.network.protocol.game.ServerboundSwingPacket.handle(ServerboundSwingPacket.java:34) ~[paper-1.21.jar:1.21-130-b1b5d4c]
	at net.minecraft.network.protocol.game.ServerboundSwingPacket.handle(ServerboundSwingPacket.java:16) ~[paper-1.21.jar:1.21-130-b1b5d4c]
	at net.minecraft.network.protocol.PacketUtils.lambda$ensureRunningOnSameThread$0(PacketUtils.java:56) ~[paper-1.21.jar:1.21-130-b1b5d4c]
	at net.minecraft.server.TickTask.run(TickTask.java:18) ~[paper-1.21.jar:1.21-130-b1b5d4c]
	at net.minecraft.util.thread.BlockableEventLoop.doRunTask(BlockableEventLoop.java:151) ~[paper-1.21.jar:1.21-130-b1b5d4c]
	at net.minecraft.util.thread.ReentrantBlockableEventLoop.doRunTask(ReentrantBlockableEventLoop.java:24) ~[paper-1.21.jar:1.21-130-b1b5d4c]
	at net.minecraft.server.MinecraftServer.doRunTask(MinecraftServer.java:1537) ~[paper-1.21.jar:1.21-130-b1b5d4c]
	at net.minecraft.server.MinecraftServer.doRunTask(MinecraftServer.java:201) ~[paper-1.21.jar:1.21-130-b1b5d4c]
	at net.minecraft.util.thread.BlockableEventLoop.pollTask(BlockableEventLoop.java:125) ~[paper-1.21.jar:1.21-130-b1b5d4c]
	at net.minecraft.server.MinecraftServer.pollTaskInternal(MinecraftServer.java:1514) ~[paper-1.21.jar:1.21-130-b1b5d4c]
	at net.minecraft.server.MinecraftServer.pollTask(MinecraftServer.java:1507) ~[paper-1.21.jar:1.21-130-b1b5d4c]
	at net.minecraft.util.thread.BlockableEventLoop.managedBlock(BlockableEventLoop.java:135) ~[paper-1.21.jar:1.21-130-b1b5d4c]
	at net.minecraft.server.MinecraftServer.managedBlock(MinecraftServer.java:1466) ~[paper-1.21.jar:1.21-130-b1b5d4c]
	at net.minecraft.server.MinecraftServer.tickServer(MinecraftServer.java:1588) ~[paper-1.21.jar:1.21-130-b1b5d4c]
	at net.minecraft.server.MinecraftServer.runServer(MinecraftServer.java:1304) ~[paper-1.21.jar:1.21-130-b1b5d4c]
	at net.minecraft.server.MinecraftServer.lambda$spin$0(MinecraftServer.java:330) ~[paper-1.21.jar:1.21-130-b1b5d4c]
	at java.base/java.lang.Thread.run(Thread.java:1583) ~[?:?]
[15:44:58] [Server thread/ERROR]: Could not pass event PlayerInteractEvent to MeteoritePlugin v1.0-SNAPSHOT
java.lang.NullPointerException: Cannot invoke "org.bukkit.inventory.meta.ItemMeta.getPersistentDataContainer()" because "mainMeta" is null
	at MeteoritePlugin-1.0-SNAPSHOT-1758113073287.jar/org.cameronoremac101.meteoritePlugin.listener.PlayerListener.onPlayerInteract(PlayerListener.java:31) ~[MeteoritePlugin-1.0-SNAPSHOT-1758113073287.jar:?]
	at com.destroystokyo.paper.event.executor.asm.generated.GeneratedEventExecutor1.execute(Unknown Source) ~[?:?]
	at org.bukkit.plugin.EventExecutor$2.execute(EventExecutor.java:77) ~[paper-api-1.21-R0.1-SNAPSHOT.jar:?]
	at co.aikar.timings.TimedEventExecutor.execute(TimedEventExecutor.java:80) ~[paper-api-1.21-R0.1-SNAPSHOT.jar:1.21-130-b1b5d4c]
	at org.bukkit.plugin.RegisteredListener.callEvent(RegisteredListener.java:70) ~[paper-api-1.21-R0.1-SNAPSHOT.jar:?]
	at io.papermc.paper.plugin.manager.PaperEventManager.callEvent(PaperEventManager.java:54) ~[paper-1.21.jar:1.21-130-b1b5d4c]
	at io.papermc.paper.plugin.manager.PaperPluginManagerImpl.callEvent(PaperPluginManagerImpl.java:131) ~[paper-1.21.jar:1.21-130-b1b5d4c]
	at org.bukkit.plugin.SimplePluginManager.callEvent(SimplePluginManager.java:628) ~[paper-api-1.21-R0.1-SNAPSHOT.jar:?]
	at org.bukkit.craftbukkit.event.CraftEventFactory.callPlayerInteractEvent(CraftEventFactory.java:602) ~[paper-1.21.jar:1.21-130-b1b5d4c]
	at org.bukkit.craftbukkit.event.CraftEventFactory.callPlayerInteractEvent(CraftEventFactory.java:558) ~[paper-1.21.jar:1.21-130-b1b5d4c]
	at org.bukkit.craftbukkit.event.CraftEventFactory.callPlayerInteractEvent(CraftEventFactory.java:553) ~[paper-1.21.jar:1.21-130-b1b5d4c]
	at org.bukkit.craftbukkit.event.CraftEventFactory.callPlayerInteractEvent(CraftEventFactory.java:549) ~[paper-1.21.jar:1.21-130-b1b5d4c]
	at net.minecraft.server.network.ServerGamePacketListenerImpl.handleAnimate(ServerGamePacketListenerImpl.java:2513) ~[paper-1.21.jar:1.21-130-b1b5d4c]
	at net.minecraft.network.protocol.game.ServerboundSwingPacket.handle(ServerboundSwingPacket.java:34) ~[paper-1.21.jar:1.21-130-b1b5d4c]
	at net.minecraft.network.protocol.game.ServerboundSwingPacket.handle(ServerboundSwingPacket.java:16) ~[paper-1.21.jar:1.21-130-b1b5d4c]
	at net.minecraft.network.protocol.PacketUtils.lambda$ensureRunningOnSameThread$0(PacketUtils.java:56) ~[paper-1.21.jar:1.21-130-b1b5d4c]
	at net.minecraft.server.TickTask.run(TickTask.java:18) ~[paper-1.21.jar:1.21-130-b1b5d4c]
	at net.minecraft.util.thread.BlockableEventLoop.doRunTask(BlockableEventLoop.java:151) ~[paper-1.21.jar:1.21-130-b1b5d4c]
	at net.minecraft.util.thread.ReentrantBlockableEventLoop.doRunTask(ReentrantBlockableEventLoop.java:24) ~[paper-1.21.jar:1.21-130-b1b5d4c]
	at net.minecraft.server.MinecraftServer.doRunTask(MinecraftServer.java:1537) ~[paper-1.21.jar:1.21-130-b1b5d4c]
	at net.minecraft.server.MinecraftServer.doRunTask(MinecraftServer.java:201) ~[paper-1.21.jar:1.21-130-b1b5d4c]
	at net.minecraft.util.thread.BlockableEventLoop.pollTask(BlockableEventLoop.java:125) ~[paper-1.21.jar:1.21-130-b1b5d4c]
	at net.minecraft.server.MinecraftServer.pollTaskInternal(MinecraftServer.java:1514) ~[paper-1.21.jar:1.21-130-b1b5d4c]
	at net.minecraft.server.MinecraftServer.pollTask(MinecraftServer.java:1507) ~[paper-1.21.jar:1.21-130-b1b5d4c]
	at net.minecraft.util.thread.BlockableEventLoop.managedBlock(BlockableEventLoop.java:135) ~[paper-1.21.jar:1.21-130-b1b5d4c]
	at net.minecraft.server.MinecraftServer.managedBlock(MinecraftServer.java:1466) ~[paper-1.21.jar:1.21-130-b1b5d4c]
	at net.minecraft.server.MinecraftServer.tickServer(MinecraftServer.java:1588) ~[paper-1.21.jar:1.21-130-b1b5d4c]
	at net.minecraft.server.MinecraftServer.runServer(MinecraftServer.java:1304) ~[paper-1.21.jar:1.21-130-b1b5d4c]
	at net.minecraft.server.MinecraftServer.lambda$spin$0(MinecraftServer.java:330) ~[paper-1.21.jar:1.21-130-b1b5d4c]
	at java.base/java.lang.Thread.run(Thread.java:1583) ~[?:?]
[15:44:58] [Server thread/ERROR]: Could not pass event PlayerInteractEvent to MeteoritePlugin v1.0-SNAPSHOT
java.lang.NullPointerException: Cannot invoke "org.bukkit.inventory.meta.ItemMeta.getPersistentDataContainer()" because "mainMeta" is null
	at MeteoritePlugin-1.0-SNAPSHOT-1758113073287.jar/org.cameronoremac101.meteoritePlugin.listener.PlayerListener.onPlayerInteract(PlayerListener.java:31) ~[MeteoritePlugin-1.0-SNAPSHOT-1758113073287.jar:?]
	at com.destroystokyo.paper.event.executor.asm.generated.GeneratedEventExecutor1.execute(Unknown Source) ~[?:?]
	at org.bukkit.plugin.EventExecutor$2.execute(EventExecutor.java:77) ~[paper-api-1.21-R0.1-SNAPSHOT.jar:?]
	at co.aikar.timings.TimedEventExecutor.execute(TimedEventExecutor.java:80) ~[paper-api-1.21-R0.1-SNAPSHOT.jar:1.21-130-b1b5d4c]
	at org.bukkit.plugin.RegisteredListener.callEvent(RegisteredListener.java:70) ~[paper-api-1.21-R0.1-SNAPSHOT.jar:?]
	at io.papermc.paper.plugin.manager.PaperEventManager.callEvent(PaperEventManager.java:54) ~[paper-1.21.jar:1.21-130-b1b5d4c]
	at io.papermc.paper.plugin.manager.PaperPluginManagerImpl.callEvent(PaperPluginManagerImpl.java:131) ~[paper-1.21.jar:1.21-130-b1b5d4c]
	at org.bukkit.plugin.SimplePluginManager.callEvent(SimplePluginManager.java:628) ~[paper-api-1.21-R0.1-SNAPSHOT.jar:?]
	at org.bukkit.craftbukkit.event.CraftEventFactory.callPlayerInteractEvent(CraftEventFactory.java:602) ~[paper-1.21.jar:1.21-130-b1b5d4c]
	at org.bukkit.craftbukkit.event.CraftEventFactory.callPlayerInteractEvent(CraftEventFactory.java:558) ~[paper-1.21.jar:1.21-130-b1b5d4c]
	at org.bukkit.craftbukkit.event.CraftEventFactory.callPlayerInteractEvent(CraftEventFactory.java:553) ~[paper-1.21.jar:1.21-130-b1b5d4c]
	at org.bukkit.craftbukkit.event.CraftEventFactory.callPlayerInteractEvent(CraftEventFactory.java:549) ~[paper-1.21.jar:1.21-130-b1b5d4c]
	at net.minecraft.server.network.ServerGamePacketListenerImpl.handleAnimate(ServerGamePacketListenerImpl.java:2513) ~[paper-1.21.jar:1.21-130-b1b5d4c]
	at net.minecraft.network.protocol.game.ServerboundSwingPacket.handle(ServerboundSwingPacket.java:34) ~[paper-1.21.jar:1.21-130-b1b5d4c]
	at net.minecraft.network.protocol.game.ServerboundSwingPacket.handle(ServerboundSwingPacket.java:16) ~[paper-1.21.jar:1.21-130-b1b5d4c]
	at net.minecraft.network.protocol.PacketUtils.lambda$ensureRunningOnSameThread$0(PacketUtils.java:56) ~[paper-1.21.jar:1.21-130-b1b5d4c]
	at net.minecraft.server.TickTask.run(TickTask.java:18) ~[paper-1.21.jar:1.21-130-b1b5d4c]
	at net.minecraft.util.thread.BlockableEventLoop.doRunTask(BlockableEventLoop.java:151) ~[paper-1.21.jar:1.21-130-b1b5d4c]
	at net.minecraft.util.thread.ReentrantBlockableEventLoop.doRunTask(ReentrantBlockableEventLoop.java:24) ~[paper-1.21.jar:1.21-130-b1b5d4c]
	at net.minecraft.server.MinecraftServer.doRunTask(MinecraftServer.java:1537) ~[paper-1.21.jar:1.21-130-b1b5d4c]
	at net.minecraft.server.MinecraftServer.doRunTask(MinecraftServer.java:201) ~[paper-1.21.jar:1.21-130-b1b5d4c]
	at net.minecraft.util.thread.BlockableEventLoop.pollTask(BlockableEventLoop.java:125) ~[paper-1.21.jar:1.21-130-b1b5d4c]
	at net.minecraft.server.MinecraftServer.pollTaskInternal(MinecraftServer.java:1514) ~[paper-1.21.jar:1.21-130-b1b5d4c]
	at net.minecraft.server.MinecraftServer.pollTask(MinecraftServer.java:1507) ~[paper-1.21.jar:1.21-130-b1b5d4c]
	at net.minecraft.util.thread.BlockableEventLoop.managedBlock(BlockableEventLoop.java:135) ~[paper-1.21.jar:1.21-130-b1b5d4c]
	at net.minecraft.server.MinecraftServer.managedBlock(MinecraftServer.java:1466) ~[paper-1.21.jar:1.21-130-b1b5d4c]
	at net.minecraft.server.MinecraftServer.tickServer(MinecraftServer.java:1588) ~[paper-1.21.jar:1.21-130-b1b5d4c]
	at net.minecraft.server.MinecraftServer.runServer(MinecraftServer.java:1304) ~[paper-1.21.jar:1.21-130-b1b5d4c]
	at net.minecraft.server.MinecraftServer.lambda$spin$0(MinecraftServer.java:330) ~[paper-1.21.jar:1.21-130-b1b5d4c]
	at java.base/java.lang.Thread.run(Thread.java:1583) ~[?:?]
[15:45:00] [Server thread/ERROR]: Could not pass event PlayerInteractEvent to MeteoritePlugin v1.0-SNAPSHOT
java.lang.NullPointerException: Cannot invoke "org.bukkit.inventory.meta.ItemMeta.getPersistentDataContainer()" because "mainMeta" is null
	at MeteoritePlugin-1.0-SNAPSHOT-1758113073287.jar/org.cameronoremac101.meteoritePlugin.listener.PlayerListener.onPlayerInteract(PlayerListener.java:31) ~[MeteoritePlugin-1.0-SNAPSHOT-1758113073287.jar:?]
	at com.destroystokyo.paper.event.executor.asm.generated.GeneratedEventExecutor1.execute(Unknown Source) ~[?:?]
	at org.bukkit.plugin.EventExecutor$2.execute(EventExecutor.java:77) ~[paper-api-1.21-R0.1-SNAPSHOT.jar:?]
	at co.aikar.timings.TimedEventExecutor.execute(TimedEventExecutor.java:80) ~[paper-api-1.21-R0.1-SNAPSHOT.jar:1.21-130-b1b5d4c]
	at org.bukkit.plugin.RegisteredListener.callEvent(RegisteredListener.java:70) ~[paper-api-1.21-R0.1-SNAPSHOT.jar:?]
	at io.papermc.paper.plugin.manager.PaperEventManager.callEvent(PaperEventManager.java:54) ~[paper-1.21.jar:1.21-130-b1b5d4c]
	at io.papermc.paper.plugin.manager.PaperPluginManagerImpl.callEvent(PaperPluginManagerImpl.java:131) ~[paper-1.21.jar:1.21-130-b1b5d4c]
	at org.bukkit.plugin.SimplePluginManager.callEvent(SimplePluginManager.java:628) ~[paper-api-1.21-R0.1-SNAPSHOT.jar:?]
	at org.bukkit.craftbukkit.event.CraftEventFactory.callPlayerInteractEvent(CraftEventFactory.java:602) ~[paper-1.21.jar:1.21-130-b1b5d4c]
	at org.bukkit.craftbukkit.event.CraftEventFactory.callPlayerInteractEvent(CraftEventFactory.java:558) ~[paper-1.21.jar:1.21-130-b1b5d4c]
	at org.bukkit.craftbukkit.event.CraftEventFactory.callPlayerInteractEvent(CraftEventFactory.java:553) ~[paper-1.21.jar:1.21-130-b1b5d4c]
	at org.bukkit.craftbukkit.event.CraftEventFactory.callPlayerInteractEvent(CraftEventFactory.java:549) ~[paper-1.21.jar:1.21-130-b1b5d4c]
	at net.minecraft.server.network.ServerGamePacketListenerImpl.handleAnimate(ServerGamePacketListenerImpl.java:2513) ~[paper-1.21.jar:1.21-130-b1b5d4c]
	at net.minecraft.network.protocol.game.ServerboundSwingPacket.handle(ServerboundSwingPacket.java:34) ~[paper-1.21.jar:1.21-130-b1b5d4c]
	at net.minecraft.network.protocol.game.ServerboundSwingPacket.handle(ServerboundSwingPacket.java:16) ~[paper-1.21.jar:1.21-130-b1b5d4c]
	at net.minecraft.network.protocol.PacketUtils.lambda$ensureRunningOnSameThread$0(PacketUtils.java:56) ~[paper-1.21.jar:1.21-130-b1b5d4c]
	at net.minecraft.server.TickTask.run(TickTask.java:18) ~[paper-1.21.jar:1.21-130-b1b5d4c]
	at net.minecraft.util.thread.BlockableEventLoop.doRunTask(BlockableEventLoop.java:151) ~[paper-1.21.jar:1.21-130-b1b5d4c]
	at net.minecraft.util.thread.ReentrantBlockableEventLoop.doRunTask(ReentrantBlockableEventLoop.java:24) ~[paper-1.21.jar:1.21-130-b1b5d4c]
	at net.minecraft.server.MinecraftServer.doRunTask(MinecraftServer.java:1537) ~[paper-1.21.jar:1.21-130-b1b5d4c]
	at net.minecraft.server.MinecraftServer.doRunTask(MinecraftServer.java:201) ~[paper-1.21.jar:1.21-130-b1b5d4c]
	at net.minecraft.util.thread.BlockableEventLoop.pollTask(BlockableEventLoop.java:125) ~[paper-1.21.jar:1.21-130-b1b5d4c]
	at net.minecraft.server.MinecraftServer.pollTaskInternal(MinecraftServer.java:1514) ~[paper-1.21.jar:1.21-130-b1b5d4c]
	at net.minecraft.server.MinecraftServer.pollTask(MinecraftServer.java:1507) ~[paper-1.21.jar:1.21-130-b1b5d4c]
	at net.minecraft.util.thread.BlockableEventLoop.managedBlock(BlockableEventLoop.java:135) ~[paper-1.21.jar:1.21-130-b1b5d4c]
	at net.minecraft.server.MinecraftServer.managedBlock(MinecraftServer.java:1466) ~[paper-1.21.jar:1.21-130-b1b5d4c]
	at net.minecraft.server.MinecraftServer.waitUntilNextTick(MinecraftServer.java:1473) ~[paper-1.21.jar:1.21-130-b1b5d4c]
	at net.minecraft.server.MinecraftServer.runServer(MinecraftServer.java:1318) ~[paper-1.21.jar:1.21-130-b1b5d4c]
	at net.minecraft.server.MinecraftServer.lambda$spin$0(MinecraftServer.java:330) ~[paper-1.21.jar:1.21-130-b1b5d4c]
	at java.base/java.lang.Thread.run(Thread.java:1583) ~[?:?]
[15:45:04] [Server thread/INFO]: cameronoremac101 issued server command: /spawnpoint
[15:45:04] [Server thread/INFO]: [cameronoremac101: Set spawn point to 114, 114, 54 [0.0] in minecraft:overworld for cameronoremac101]
[15:45:12] [Server thread/INFO]: cameronoremac101 issued server command: /meteoriteplugin:createmeteor
[15:48:29] [Server thread/ERROR]: Could not pass event PlayerInteractEvent to MeteoritePlugin v1.0-SNAPSHOT
java.lang.NullPointerException: Cannot invoke "org.bukkit.inventory.meta.ItemMeta.getPersistentDataContainer()" because "mainMeta" is null
	at MeteoritePlugin-1.0-SNAPSHOT-1758113073287.jar/org.cameronoremac101.meteoritePlugin.listener.PlayerListener.onPlayerInteract(PlayerListener.java:31) ~[MeteoritePlugin-1.0-SNAPSHOT-1758113073287.jar:?]
	at com.destroystokyo.paper.event.executor.asm.generated.GeneratedEventExecutor1.execute(Unknown Source) ~[?:?]
	at org.bukkit.plugin.EventExecutor$2.execute(EventExecutor.java:77) ~[paper-api-1.21-R0.1-SNAPSHOT.jar:?]
	at co.aikar.timings.TimedEventExecutor.execute(TimedEventExecutor.java:80) ~[paper-api-1.21-R0.1-SNAPSHOT.jar:1.21-130-b1b5d4c]
	at org.bukkit.plugin.RegisteredListener.callEvent(RegisteredListener.java:70) ~[paper-api-1.21-R0.1-SNAPSHOT.jar:?]
	at io.papermc.paper.plugin.manager.PaperEventManager.callEvent(PaperEventManager.java:54) ~[paper-1.21.jar:1.21-130-b1b5d4c]
	at io.papermc.paper.plugin.manager.PaperPluginManagerImpl.callEvent(PaperPluginManagerImpl.java:131) ~[paper-1.21.jar:1.21-130-b1b5d4c]
	at org.bukkit.plugin.SimplePluginManager.callEvent(SimplePluginManager.java:628) ~[paper-api-1.21-R0.1-SNAPSHOT.jar:?]
	at org.bukkit.craftbukkit.event.CraftEventFactory.callPlayerInteractEvent(CraftEventFactory.java:602) ~[paper-1.21.jar:1.21-130-b1b5d4c]
	at net.minecraft.server.level.ServerPlayerGameMode.useItemOn(ServerPlayerGameMode.java:536) ~[paper-1.21.jar:1.21-130-b1b5d4c]
	at net.minecraft.server.network.ServerGamePacketListenerImpl.handleUseItemOn(ServerGamePacketListenerImpl.java:1871) ~[paper-1.21.jar:1.21-130-b1b5d4c]
	at net.minecraft.network.protocol.game.ServerboundUseItemOnPacket.handle(ServerboundUseItemOnPacket.java:44) ~[paper-1.21.jar:1.21-130-b1b5d4c]
	at net.minecraft.network.protocol.game.ServerboundUseItemOnPacket.handle(ServerboundUseItemOnPacket.java:11) ~[paper-1.21.jar:1.21-130-b1b5d4c]
	at net.minecraft.network.protocol.PacketUtils.lambda$ensureRunningOnSameThread$0(PacketUtils.java:56) ~[paper-1.21.jar:1.21-130-b1b5d4c]
	at net.minecraft.server.TickTask.run(TickTask.java:18) ~[paper-1.21.jar:1.21-130-b1b5d4c]
	at net.minecraft.util.thread.BlockableEventLoop.doRunTask(BlockableEventLoop.java:151) ~[paper-1.21.jar:1.21-130-b1b5d4c]
	at net.minecraft.util.thread.ReentrantBlockableEventLoop.doRunTask(ReentrantBlockableEventLoop.java:24) ~[paper-1.21.jar:1.21-130-b1b5d4c]
	at net.minecraft.server.MinecraftServer.doRunTask(MinecraftServer.java:1537) ~[paper-1.21.jar:1.21-130-b1b5d4c]
	at net.minecraft.server.MinecraftServer.doRunTask(MinecraftServer.java:201) ~[paper-1.21.jar:1.21-130-b1b5d4c]
	at net.minecraft.util.thread.BlockableEventLoop.pollTask(BlockableEventLoop.java:125) ~[paper-1.21.jar:1.21-130-b1b5d4c]
	at net.minecraft.server.MinecraftServer.pollTaskInternal(MinecraftServer.java:1514) ~[paper-1.21.jar:1.21-130-b1b5d4c]
	at net.minecraft.server.MinecraftServer.pollTask(MinecraftServer.java:1507) ~[paper-1.21.jar:1.21-130-b1b5d4c]
	at net.minecraft.util.thread.BlockableEventLoop.managedBlock(BlockableEventLoop.java:135) ~[paper-1.21.jar:1.21-130-b1b5d4c]
	at net.minecraft.server.MinecraftServer.managedBlock(MinecraftServer.java:1466) ~[paper-1.21.jar:1.21-130-b1b5d4c]
	at net.minecraft.server.MinecraftServer.waitUntilNextTick(MinecraftServer.java:1473) ~[paper-1.21.jar:1.21-130-b1b5d4c]
	at net.minecraft.server.MinecraftServer.runServer(MinecraftServer.java:1318) ~[paper-1.21.jar:1.21-130-b1b5d4c]
	at net.minecraft.server.MinecraftServer.lambda$spin$0(MinecraftServer.java:330) ~[paper-1.21.jar:1.21-130-b1b5d4c]
	at java.base/java.lang.Thread.run(Thread.java:1583) ~[?:?]
[15:48:29] [Server thread/ERROR]: Could not pass event PlayerInteractEvent to MeteoritePlugin v1.0-SNAPSHOT
java.lang.NullPointerException: Cannot invoke "org.bukkit.inventory.meta.ItemMeta.getPersistentDataContainer()" because "mainMeta" is null
	at MeteoritePlugin-1.0-SNAPSHOT-1758113073287.jar/org.cameronoremac101.meteoritePlugin.listener.PlayerListener.onPlayerInteract(PlayerListener.java:31) ~[MeteoritePlugin-1.0-SNAPSHOT-1758113073287.jar:?]
	at com.destroystokyo.paper.event.executor.asm.generated.GeneratedEventExecutor1.execute(Unknown Source) ~[?:?]
	at org.bukkit.plugin.EventExecutor$2.execute(EventExecutor.java:77) ~[paper-api-1.21-R0.1-SNAPSHOT.jar:?]
	at co.aikar.timings.TimedEventExecutor.execute(TimedEventExecutor.java:80) ~[paper-api-1.21-R0.1-SNAPSHOT.jar:1.21-130-b1b5d4c]
	at org.bukkit.plugin.RegisteredListener.callEvent(RegisteredListener.java:70) ~[paper-api-1.21-R0.1-SNAPSHOT.jar:?]
	at io.papermc.paper.plugin.manager.PaperEventManager.callEvent(PaperEventManager.java:54) ~[paper-1.21.jar:1.21-130-b1b5d4c]
	at io.papermc.paper.plugin.manager.PaperPluginManagerImpl.callEvent(PaperPluginManagerImpl.java:131) ~[paper-1.21.jar:1.21-130-b1b5d4c]
	at org.bukkit.plugin.SimplePluginManager.callEvent(SimplePluginManager.java:628) ~[paper-api-1.21-R0.1-SNAPSHOT.jar:?]
	at org.bukkit.craftbukkit.event.CraftEventFactory.callPlayerInteractEvent(CraftEventFactory.java:602) ~[paper-1.21.jar:1.21-130-b1b5d4c]
	at net.minecraft.server.level.ServerPlayerGameMode.useItemOn(ServerPlayerGameMode.java:536) ~[paper-1.21.jar:1.21-130-b1b5d4c]
	at net.minecraft.server.network.ServerGamePacketListenerImpl.handleUseItemOn(ServerGamePacketListenerImpl.java:1871) ~[paper-1.21.jar:1.21-130-b1b5d4c]
	at net.minecraft.network.protocol.game.ServerboundUseItemOnPacket.handle(ServerboundUseItemOnPacket.java:44) ~[paper-1.21.jar:1.21-130-b1b5d4c]
	at net.minecraft.network.protocol.game.ServerboundUseItemOnPacket.handle(ServerboundUseItemOnPacket.java:11) ~[paper-1.21.jar:1.21-130-b1b5d4c]
	at net.minecraft.network.protocol.PacketUtils.lambda$ensureRunningOnSameThread$0(PacketUtils.java:56) ~[paper-1.21.jar:1.21-130-b1b5d4c]
	at net.minecraft.server.TickTask.run(TickTask.java:18) ~[paper-1.21.jar:1.21-130-b1b5d4c]
	at net.minecraft.util.thread.BlockableEventLoop.doRunTask(BlockableEventLoop.java:151) ~[paper-1.21.jar:1.21-130-b1b5d4c]
	at net.minecraft.util.thread.ReentrantBlockableEventLoop.doRunTask(ReentrantBlockableEventLoop.java:24) ~[paper-1.21.jar:1.21-130-b1b5d4c]
	at net.minecraft.server.MinecraftServer.doRunTask(MinecraftServer.java:1537) ~[paper-1.21.jar:1.21-130-b1b5d4c]
	at net.minecraft.server.MinecraftServer.doRunTask(MinecraftServer.java:201) ~[paper-1.21.jar:1.21-130-b1b5d4c]
	at net.minecraft.util.thread.BlockableEventLoop.pollTask(BlockableEventLoop.java:125) ~[paper-1.21.jar:1.21-130-b1b5d4c]
	at net.minecraft.server.MinecraftServer.pollTaskInternal(MinecraftServer.java:1514) ~[paper-1.21.jar:1.21-130-b1b5d4c]
	at net.minecraft.server.MinecraftServer.pollTask(MinecraftServer.java:1507) ~[paper-1.21.jar:1.21-130-b1b5d4c]
	at net.minecraft.util.thread.BlockableEventLoop.managedBlock(BlockableEventLoop.java:135) ~[paper-1.21.jar:1.21-130-b1b5d4c]
	at net.minecraft.server.MinecraftServer.managedBlock(MinecraftServer.java:1466) ~[paper-1.21.jar:1.21-130-b1b5d4c]
	at net.minecraft.server.MinecraftServer.waitUntilNextTick(MinecraftServer.java:1473) ~[paper-1.21.jar:1.21-130-b1b5d4c]
	at net.minecraft.server.MinecraftServer.runServer(MinecraftServer.java:1318) ~[paper-1.21.jar:1.21-130-b1b5d4c]
	at net.minecraft.server.MinecraftServer.lambda$spin$0(MinecraftServer.java:330) ~[paper-1.21.jar:1.21-130-b1b5d4c]
	at java.base/java.lang.Thread.run(Thread.java:1583) ~[?:?]
[15:48:29] [Server thread/ERROR]: Could not pass event PlayerInteractEvent to MeteoritePlugin v1.0-SNAPSHOT
java.lang.NullPointerException: Cannot invoke "org.bukkit.inventory.meta.ItemMeta.getPersistentDataContainer()" because "mainMeta" is null
	at MeteoritePlugin-1.0-SNAPSHOT-1758113073287.jar/org.cameronoremac101.meteoritePlugin.listener.PlayerListener.onPlayerInteract(PlayerListener.java:31) ~[MeteoritePlugin-1.0-SNAPSHOT-1758113073287.jar:?]
	at com.destroystokyo.paper.event.executor.asm.generated.GeneratedEventExecutor1.execute(Unknown Source) ~[?:?]
	at org.bukkit.plugin.EventExecutor$2.execute(EventExecutor.java:77) ~[paper-api-1.21-R0.1-SNAPSHOT.jar:?]
	at co.aikar.timings.TimedEventExecutor.execute(TimedEventExecutor.java:80) ~[paper-api-1.21-R0.1-SNAPSHOT.jar:1.21-130-b1b5d4c]
	at org.bukkit.plugin.RegisteredListener.callEvent(RegisteredListener.java:70) ~[paper-api-1.21-R0.1-SNAPSHOT.jar:?]
	at io.papermc.paper.plugin.manager.PaperEventManager.callEvent(PaperEventManager.java:54) ~[paper-1.21.jar:1.21-130-b1b5d4c]
	at io.papermc.paper.plugin.manager.PaperPluginManagerImpl.callEvent(PaperPluginManagerImpl.java:131) ~[paper-1.21.jar:1.21-130-b1b5d4c]
	at org.bukkit.plugin.SimplePluginManager.callEvent(SimplePluginManager.java:628) ~[paper-api-1.21-R0.1-SNAPSHOT.jar:?]
	at org.bukkit.craftbukkit.event.CraftEventFactory.callPlayerInteractEvent(CraftEventFactory.java:602) ~[paper-1.21.jar:1.21-130-b1b5d4c]
	at net.minecraft.server.level.ServerPlayerGameMode.useItemOn(ServerPlayerGameMode.java:536) ~[paper-1.21.jar:1.21-130-b1b5d4c]
	at net.minecraft.server.network.ServerGamePacketListenerImpl.handleUseItemOn(ServerGamePacketListenerImpl.java:1871) ~[paper-1.21.jar:1.21-130-b1b5d4c]
	at net.minecraft.network.protocol.game.ServerboundUseItemOnPacket.handle(ServerboundUseItemOnPacket.java:44) ~[paper-1.21.jar:1.21-130-b1b5d4c]
	at net.minecraft.network.protocol.game.ServerboundUseItemOnPacket.handle(ServerboundUseItemOnPacket.java:11) ~[paper-1.21.jar:1.21-130-b1b5d4c]
	at net.minecraft.network.protocol.PacketUtils.lambda$ensureRunningOnSameThread$0(PacketUtils.java:56) ~[paper-1.21.jar:1.21-130-b1b5d4c]
	at net.minecraft.server.TickTask.run(TickTask.java:18) ~[paper-1.21.jar:1.21-130-b1b5d4c]
	at net.minecraft.util.thread.BlockableEventLoop.doRunTask(BlockableEventLoop.java:151) ~[paper-1.21.jar:1.21-130-b1b5d4c]
	at net.minecraft.util.thread.ReentrantBlockableEventLoop.doRunTask(ReentrantBlockableEventLoop.java:24) ~[paper-1.21.jar:1.21-130-b1b5d4c]
	at net.minecraft.server.MinecraftServer.doRunTask(MinecraftServer.java:1537) ~[paper-1.21.jar:1.21-130-b1b5d4c]
	at net.minecraft.server.MinecraftServer.doRunTask(MinecraftServer.java:201) ~[paper-1.21.jar:1.21-130-b1b5d4c]
	at net.minecraft.util.thread.BlockableEventLoop.pollTask(BlockableEventLoop.java:125) ~[paper-1.21.jar:1.21-130-b1b5d4c]
	at net.minecraft.server.MinecraftServer.pollTaskInternal(MinecraftServer.java:1514) ~[paper-1.21.jar:1.21-130-b1b5d4c]
	at net.minecraft.server.MinecraftServer.pollTask(MinecraftServer.java:1507) ~[paper-1.21.jar:1.21-130-b1b5d4c]
	at net.minecraft.util.thread.BlockableEventLoop.managedBlock(BlockableEventLoop.java:135) ~[paper-1.21.jar:1.21-130-b1b5d4c]
	at net.minecraft.server.MinecraftServer.managedBlock(MinecraftServer.java:1466) ~[paper-1.21.jar:1.21-130-b1b5d4c]
	at net.minecraft.server.MinecraftServer.waitUntilNextTick(MinecraftServer.java:1473) ~[paper-1.21.jar:1.21-130-b1b5d4c]
	at net.minecraft.server.MinecraftServer.runServer(MinecraftServer.java:1318) ~[paper-1.21.jar:1.21-130-b1b5d4c]
	at net.minecraft.server.MinecraftServer.lambda$spin$0(MinecraftServer.java:330) ~[paper-1.21.jar:1.21-130-b1b5d4c]
	at java.base/java.lang.Thread.run(Thread.java:1583) ~[?:?]
[15:48:29] [Server thread/ERROR]: Could not pass event PlayerInteractEvent to MeteoritePlugin v1.0-SNAPSHOT
java.lang.NullPointerException: Cannot invoke "org.bukkit.inventory.meta.ItemMeta.getPersistentDataContainer()" because "mainMeta" is null
	at MeteoritePlugin-1.0-SNAPSHOT-1758113073287.jar/org.cameronoremac101.meteoritePlugin.listener.PlayerListener.onPlayerInteract(PlayerListener.java:31) ~[MeteoritePlugin-1.0-SNAPSHOT-1758113073287.jar:?]
	at com.destroystokyo.paper.event.executor.asm.generated.GeneratedEventExecutor1.execute(Unknown Source) ~[?:?]
	at org.bukkit.plugin.EventExecutor$2.execute(EventExecutor.java:77) ~[paper-api-1.21-R0.1-SNAPSHOT.jar:?]
	at co.aikar.timings.TimedEventExecutor.execute(TimedEventExecutor.java:80) ~[paper-api-1.21-R0.1-SNAPSHOT.jar:1.21-130-b1b5d4c]
	at org.bukkit.plugin.RegisteredListener.callEvent(RegisteredListener.java:70) ~[paper-api-1.21-R0.1-SNAPSHOT.jar:?]
	at io.papermc.paper.plugin.manager.PaperEventManager.callEvent(PaperEventManager.java:54) ~[paper-1.21.jar:1.21-130-b1b5d4c]
	at io.papermc.paper.plugin.manager.PaperPluginManagerImpl.callEvent(PaperPluginManagerImpl.java:131) ~[paper-1.21.jar:1.21-130-b1b5d4c]
	at org.bukkit.plugin.SimplePluginManager.callEvent(SimplePluginManager.java:628) ~[paper-api-1.21-R0.1-SNAPSHOT.jar:?]
	at org.bukkit.craftbukkit.event.CraftEventFactory.callPlayerInteractEvent(CraftEventFactory.java:602) ~[paper-1.21.jar:1.21-130-b1b5d4c]
	at net.minecraft.server.level.ServerPlayerGameMode.useItemOn(ServerPlayerGameMode.java:536) ~[paper-1.21.jar:1.21-130-b1b5d4c]
	at net.minecraft.server.network.ServerGamePacketListenerImpl.handleUseItemOn(ServerGamePacketListenerImpl.java:1871) ~[paper-1.21.jar:1.21-130-b1b5d4c]
	at net.minecraft.network.protocol.game.ServerboundUseItemOnPacket.handle(ServerboundUseItemOnPacket.java:44) ~[paper-1.21.jar:1.21-130-b1b5d4c]
	at net.minecraft.network.protocol.game.ServerboundUseItemOnPacket.handle(ServerboundUseItemOnPacket.java:11) ~[paper-1.21.jar:1.21-130-b1b5d4c]
	at net.minecraft.network.protocol.PacketUtils.lambda$ensureRunningOnSameThread$0(PacketUtils.java:56) ~[paper-1.21.jar:1.21-130-b1b5d4c]
	at net.minecraft.server.TickTask.run(TickTask.java:18) ~[paper-1.21.jar:1.21-130-b1b5d4c]
	at net.minecraft.util.thread.BlockableEventLoop.doRunTask(BlockableEventLoop.java:151) ~[paper-1.21.jar:1.21-130-b1b5d4c]
	at net.minecraft.util.thread.ReentrantBlockableEventLoop.doRunTask(ReentrantBlockableEventLoop.java:24) ~[paper-1.21.jar:1.21-130-b1b5d4c]
	at net.minecraft.server.MinecraftServer.doRunTask(MinecraftServer.java:1537) ~[paper-1.21.jar:1.21-130-b1b5d4c]
	at net.minecraft.server.MinecraftServer.doRunTask(MinecraftServer.java:201) ~[paper-1.21.jar:1.21-130-b1b5d4c]
	at net.minecraft.util.thread.BlockableEventLoop.pollTask(BlockableEventLoop.java:125) ~[paper-1.21.jar:1.21-130-b1b5d4c]
	at net.minecraft.server.MinecraftServer.pollTaskInternal(MinecraftServer.java:1514) ~[paper-1.21.jar:1.21-130-b1b5d4c]
	at net.minecraft.server.MinecraftServer.pollTask(MinecraftServer.java:1507) ~[paper-1.21.jar:1.21-130-b1b5d4c]
	at net.minecraft.util.thread.BlockableEventLoop.managedBlock(BlockableEventLoop.java:135) ~[paper-1.21.jar:1.21-130-b1b5d4c]
	at net.minecraft.server.MinecraftServer.managedBlock(MinecraftServer.java:1466) ~[paper-1.21.jar:1.21-130-b1b5d4c]
	at net.minecraft.server.MinecraftServer.waitUntilNextTick(MinecraftServer.java:1473) ~[paper-1.21.jar:1.21-130-b1b5d4c]
	at net.minecraft.server.MinecraftServer.runServer(MinecraftServer.java:1318) ~[paper-1.21.jar:1.21-130-b1b5d4c]
	at net.minecraft.server.MinecraftServer.lambda$spin$0(MinecraftServer.java:330) ~[paper-1.21.jar:1.21-130-b1b5d4c]
	at java.base/java.lang.Thread.run(Thread.java:1583) ~[?:?]
[15:48:32] [Server thread/ERROR]: Could not pass event PlayerInteractEvent to MeteoritePlugin v1.0-SNAPSHOT
java.lang.NullPointerException: Cannot invoke "org.bukkit.inventory.meta.ItemMeta.getPersistentDataContainer()" because "mainMeta" is null
	at MeteoritePlugin-1.0-SNAPSHOT-1758113073287.jar/org.cameronoremac101.meteoritePlugin.listener.PlayerListener.onPlayerInteract(PlayerListener.java:31) ~[MeteoritePlugin-1.0-SNAPSHOT-1758113073287.jar:?]
	at com.destroystokyo.paper.event.executor.asm.generated.GeneratedEventExecutor1.execute(Unknown Source) ~[?:?]
	at org.bukkit.plugin.EventExecutor$2.execute(EventExecutor.java:77) ~[paper-api-1.21-R0.1-SNAPSHOT.jar:?]
	at co.aikar.timings.TimedEventExecutor.execute(TimedEventExecutor.java:80) ~[paper-api-1.21-R0.1-SNAPSHOT.jar:1.21-130-b1b5d4c]
	at org.bukkit.plugin.RegisteredListener.callEvent(RegisteredListener.java:70) ~[paper-api-1.21-R0.1-SNAPSHOT.jar:?]
	at io.papermc.paper.plugin.manager.PaperEventManager.callEvent(PaperEventManager.java:54) ~[paper-1.21.jar:1.21-130-b1b5d4c]
	at io.papermc.paper.plugin.manager.PaperPluginManagerImpl.callEvent(PaperPluginManagerImpl.java:131) ~[paper-1.21.jar:1.21-130-b1b5d4c]
	at org.bukkit.plugin.SimplePluginManager.callEvent(SimplePluginManager.java:628) ~[paper-api-1.21-R0.1-SNAPSHOT.jar:?]
	at org.bukkit.craftbukkit.event.CraftEventFactory.callPlayerInteractEvent(CraftEventFactory.java:602) ~[paper-1.21.jar:1.21-130-b1b5d4c]
	at org.bukkit.craftbukkit.event.CraftEventFactory.callPlayerInteractEvent(CraftEventFactory.java:558) ~[paper-1.21.jar:1.21-130-b1b5d4c]
	at org.bukkit.craftbukkit.event.CraftEventFactory.callPlayerInteractEvent(CraftEventFactory.java:553) ~[paper-1.21.jar:1.21-130-b1b5d4c]
	at net.minecraft.server.level.ServerPlayerGameMode.handleBlockBreakAction(ServerPlayerGameMode.java:204) ~[paper-1.21.jar:1.21-130-b1b5d4c]
	at net.minecraft.server.network.ServerGamePacketListenerImpl.handlePlayerAction(ServerGamePacketListenerImpl.java:1785) ~[paper-1.21.jar:1.21-130-b1b5d4c]
	at net.minecraft.network.protocol.game.ServerboundPlayerActionPacket.handle(ServerboundPlayerActionPacket.java:51) ~[paper-1.21.jar:1.21-130-b1b5d4c]
	at net.minecraft.network.protocol.game.ServerboundPlayerActionPacket.handle(ServerboundPlayerActionPacket.java:20) ~[paper-1.21.jar:1.21-130-b1b5d4c]
	at net.minecraft.network.protocol.PacketUtils.lambda$ensureRunningOnSameThread$0(PacketUtils.java:56) ~[paper-1.21.jar:1.21-130-b1b5d4c]
	at net.minecraft.server.TickTask.run(TickTask.java:18) ~[paper-1.21.jar:1.21-130-b1b5d4c]
	at net.minecraft.util.thread.BlockableEventLoop.doRunTask(BlockableEventLoop.java:151) ~[paper-1.21.jar:1.21-130-b1b5d4c]
	at net.minecraft.util.thread.ReentrantBlockableEventLoop.doRunTask(ReentrantBlockableEventLoop.java:24) ~[paper-1.21.jar:1.21-130-b1b5d4c]
	at net.minecraft.server.MinecraftServer.doRunTask(MinecraftServer.java:1537) ~[paper-1.21.jar:1.21-130-b1b5d4c]
	at net.minecraft.server.MinecraftServer.doRunTask(MinecraftServer.java:201) ~[paper-1.21.jar:1.21-130-b1b5d4c]
	at net.minecraft.util.thread.BlockableEventLoop.pollTask(BlockableEventLoop.java:125) ~[paper-1.21.jar:1.21-130-b1b5d4c]
	at net.minecraft.server.MinecraftServer.pollTaskInternal(MinecraftServer.java:1514) ~[paper-1.21.jar:1.21-130-b1b5d4c]
	at net.minecraft.server.MinecraftServer.pollTask(MinecraftServer.java:1507) ~[paper-1.21.jar:1.21-130-b1b5d4c]
	at net.minecraft.util.thread.BlockableEventLoop.managedBlock(BlockableEventLoop.java:135) ~[paper-1.21.jar:1.21-130-b1b5d4c]
	at net.minecraft.server.MinecraftServer.managedBlock(MinecraftServer.java:1466) ~[paper-1.21.jar:1.21-130-b1b5d4c]
	at net.minecraft.server.MinecraftServer.waitUntilNextTick(MinecraftServer.java:1473) ~[paper-1.21.jar:1.21-130-b1b5d4c]
	at net.minecraft.server.MinecraftServer.runServer(MinecraftServer.java:1318) ~[paper-1.21.jar:1.21-130-b1b5d4c]
	at net.minecraft.server.MinecraftServer.lambda$spin$0(MinecraftServer.java:330) ~[paper-1.21.jar:1.21-130-b1b5d4c]
	at java.base/java.lang.Thread.run(Thread.java:1583) ~[?:?]
[15:48:32] [Server thread/ERROR]: Could not pass event PlayerInteractEvent to MeteoritePlugin v1.0-SNAPSHOT
java.lang.NullPointerException: Cannot invoke "org.bukkit.inventory.meta.ItemMeta.getPersistentDataContainer()" because "mainMeta" is null
	at MeteoritePlugin-1.0-SNAPSHOT-1758113073287.jar/org.cameronoremac101.meteoritePlugin.listener.PlayerListener.onPlayerInteract(PlayerListener.java:31) ~[MeteoritePlugin-1.0-SNAPSHOT-1758113073287.jar:?]
	at com.destroystokyo.paper.event.executor.asm.generated.GeneratedEventExecutor1.execute(Unknown Source) ~[?:?]
	at org.bukkit.plugin.EventExecutor$2.execute(EventExecutor.java:77) ~[paper-api-1.21-R0.1-SNAPSHOT.jar:?]
	at co.aikar.timings.TimedEventExecutor.execute(TimedEventExecutor.java:80) ~[paper-api-1.21-R0.1-SNAPSHOT.jar:1.21-130-b1b5d4c]
	at org.bukkit.plugin.RegisteredListener.callEvent(RegisteredListener.java:70) ~[paper-api-1.21-R0.1-SNAPSHOT.jar:?]
	at io.papermc.paper.plugin.manager.PaperEventManager.callEvent(PaperEventManager.java:54) ~[paper-1.21.jar:1.21-130-b1b5d4c]
	at io.papermc.paper.plugin.manager.PaperPluginManagerImpl.callEvent(PaperPluginManagerImpl.java:131) ~[paper-1.21.jar:1.21-130-b1b5d4c]
	at org.bukkit.plugin.SimplePluginManager.callEvent(SimplePluginManager.java:628) ~[paper-api-1.21-R0.1-SNAPSHOT.jar:?]
	at org.bukkit.craftbukkit.event.CraftEventFactory.callPlayerInteractEvent(CraftEventFactory.java:602) ~[paper-1.21.jar:1.21-130-b1b5d4c]
	at org.bukkit.craftbukkit.event.CraftEventFactory.callPlayerInteractEvent(CraftEventFactory.java:558) ~[paper-1.21.jar:1.21-130-b1b5d4c]
	at org.bukkit.craftbukkit.event.CraftEventFactory.callPlayerInteractEvent(CraftEventFactory.java:553) ~[paper-1.21.jar:1.21-130-b1b5d4c]
	at net.minecraft.server.level.ServerPlayerGameMode.handleBlockBreakAction(ServerPlayerGameMode.java:204) ~[paper-1.21.jar:1.21-130-b1b5d4c]
	at net.minecraft.server.network.ServerGamePacketListenerImpl.handlePlayerAction(ServerGamePacketListenerImpl.java:1785) ~[paper-1.21.jar:1.21-130-b1b5d4c]
	at net.minecraft.network.protocol.game.ServerboundPlayerActionPacket.handle(ServerboundPlayerActionPacket.java:51) ~[paper-1.21.jar:1.21-130-b1b5d4c]
	at net.minecraft.network.protocol.game.ServerboundPlayerActionPacket.handle(ServerboundPlayerActionPacket.java:20) ~[paper-1.21.jar:1.21-130-b1b5d4c]
	at net.minecraft.network.protocol.PacketUtils.lambda$ensureRunningOnSameThread$0(PacketUtils.java:56) ~[paper-1.21.jar:1.21-130-b1b5d4c]
	at net.minecraft.server.TickTask.run(TickTask.java:18) ~[paper-1.21.jar:1.21-130-b1b5d4c]
	at net.minecraft.util.thread.BlockableEventLoop.doRunTask(BlockableEventLoop.java:151) ~[paper-1.21.jar:1.21-130-b1b5d4c]
	at net.minecraft.util.thread.ReentrantBlockableEventLoop.doRunTask(ReentrantBlockableEventLoop.java:24) ~[paper-1.21.jar:1.21-130-b1b5d4c]
	at net.minecraft.server.MinecraftServer.doRunTask(MinecraftServer.java:1537) ~[paper-1.21.jar:1.21-130-b1b5d4c]
	at net.minecraft.server.MinecraftServer.doRunTask(MinecraftServer.java:201) ~[paper-1.21.jar:1.21-130-b1b5d4c]
	at net.minecraft.util.thread.BlockableEventLoop.pollTask(BlockableEventLoop.java:125) ~[paper-1.21.jar:1.21-130-b1b5d4c]
	at net.minecraft.server.MinecraftServer.pollTaskInternal(MinecraftServer.java:1514) ~[paper-1.21.jar:1.21-130-b1b5d4c]
	at net.minecraft.server.MinecraftServer.pollTask(MinecraftServer.java:1507) ~[paper-1.21.jar:1.21-130-b1b5d4c]
	at net.minecraft.util.thread.BlockableEventLoop.managedBlock(BlockableEventLoop.java:135) ~[paper-1.21.jar:1.21-130-b1b5d4c]
	at net.minecraft.server.MinecraftServer.managedBlock(MinecraftServer.java:1466) ~[paper-1.21.jar:1.21-130-b1b5d4c]
	at net.minecraft.server.MinecraftServer.waitUntilNextTick(MinecraftServer.java:1473) ~[paper-1.21.jar:1.21-130-b1b5d4c]
	at net.minecraft.server.MinecraftServer.runServer(MinecraftServer.java:1318) ~[paper-1.21.jar:1.21-130-b1b5d4c]
	at net.minecraft.server.MinecraftServer.lambda$spin$0(MinecraftServer.java:330) ~[paper-1.21.jar:1.21-130-b1b5d4c]
	at java.base/java.lang.Thread.run(Thread.java:1583) ~[?:?]
[15:55:28] [Server thread/INFO]: cameronoremac101 lost connection: Disconnected
[15:55:28] [Server thread/INFO]: cameronoremac101 left the game
